C51 COMPILER V7.02a   MAIN                                                                 01/15/2015 15:58:45 PAGE 1   


C51 COMPILER V7.02a, COMPILATION OF MODULE MAIN
OBJECT MODULE PLACED IN Main.OBJ
COMPILER INVOKED BY: C:\Keil\C51\BIN\C51.EXE Main.c BROWSE DEBUG OBJECTEXTEND TABS(2)

stmt level    source

   1          //*****************************************************   
   2          //*     FineName：    Main.c                          *
   3          //*     Created:      2015.1.1                        * 
   4          //*     Last Change:  2015.1.15                        *
   5          //*     Author:       FanChangFu                      *         
   6          //*     Compiler:     KEIL C51 uVision4.0             *
   7          //*     CPU:          STC89C52RC                      *
   8          //*     Description:  DoorSystems                     *             
   9          //*     OSC use 12MHz crystal.                        *
  10          //*****************************************************
  11          
  12          #include "Main.h"
  13          
  14          /*----------------主函数------------------------------*/
  15          void main()
  16          {
  17   1          SystemInit();                     //系统初始化
  18   1          user_number=ReadEEPROM(0x26,0x00);//读系统用户数
  19   1          WDTFunction();                    //喂狗
  20   1          while(1)
  21   1          {
  22   2             
  23   2             if(find_card==TRUE)                        //如果有卡进入射频模块区域，做下面处理
  24   2             {
  25   3                ET1=0;                                  //禁止定时器1中断，避免干扰             
  26   3                SearchCardData();                       //向射频模块发送读取卡片EEPROM指令      
  27   3                TR0=1;                                  //启动定时器1（定时器1定时约300ms）
  28   3                while( tf0_flag==FALSE);                //一直while循环，等待300ms（300ms后，定时器1中断处理函数中会?
             -柚胻f0_flag=TRUE)；延时300ms目的是等待串口接收完射频模块发回来的数据。
  29   3                tf0_flag=FALSE;                         //tf0_flag重新标记为FALSE
  30   3                if(recv_command_success_flag==SUCCESS)  //如何正确接收到射频模块发回来的数据（卡序列号),做下面处理。
  31   3                {            
  32   4                   if(MatchCardData()==SUCCESS)         //数据匹配
  33   4                   {             
  34   5                       SearchCard();                    //向射频模块发送寻卡指令
  35   5                       TR0=1;                  
  36   5                       while( tf0_flag==FALSE);
  37   5                       tf0_flag=FALSE;
  38   5                       if(recv_command_success_flag==SUCCESS)
  39   5                       {                 
  40   6                          if(MatchCardSN()==SUCCESS)   //匹配卡序列号
  41   6                          {
  42   7                             OpenDoor();               //开门
  43   7                          }
  44   6                       }
  45   5                   }   
  46   4                }
  47   3                find_card=FALSE;                       //find_card重新标记为FALSE
  48   3                ET1=1;                                 //重新开启定时器1中断
  49   3             }
  50   2          }
  51   1      }
  52          /*-----------------------------------------------------*/
  53          
  54          
C51 COMPILER V7.02a   MAIN                                                                 01/15/2015 15:58:45 PAGE 2   

  55          /*-------------------------------------------------  系统初始化设置---------------------------------------
             -----------------------*/
  56          /*---系统初始化函数---*/
  57          void SystemInit()
  58          {
  59   1          BaudRateSetup();   //设置波特率
  60   1          SerialPortSetup(); //设置串口
  61   1          INT0Setup();       //设置外部中断0
  62   1          IpSetup();         //设置中断优先级
  63   1          Tf0AndTf1Setup();  //设置定时器0、定时器1
  64   1          
  65   1          find_card=FALSE;//全局变量初始化
  66   1          recv_aa=FALSE;
  67   1          led_flag=FALSE;
  68   1          recv_num=0;
  69   1          recv_command_success_flag=FAIL;
  70   1          tf1_num=0;
  71   1          tf0_num=0;
  72   1          tf0_flag=FALSE;
  73   1          
  74   1          TR2=1;//启动波特率发生器
  75   1          TR1=1;//启动定时器1
  76   1          ES=1; //启动串口中断
  77   1          EA=1; //开放所有中断
  78   1      } 
  79          
  80          
  81          /*---设置波特率---*/
  82            //定时器2作为波特率发生器时，波特率计算公式：波特率=振荡器频率/32[65536-(RCAP2H*256+RCAP2L)]
  83            //定时器2作为波特率发生器时，会自动重装RCAP2H/RCAP2L到TH2/TL2
  84          void BaudRateSetup()
  85          {
  86   1          RCLK=1;     //设置定时器T2作为波特率发生器
  87   1          TCLK=1;
  88   1          TH2=255;    //波特率为19200,定时器初值要设为255*256+236
  89   1          TL2=236;
  90   1          RCAP2H=255; //设置自动重装值，与初值相同
  91   1          RCAP2L=236;
  92   1          C_T2=0;     //定时器2采用定时方式（C_T2=1是对外部引脚脉冲计数)
  93   1      }
  94          
  95          
  96          /*---设置串口---*/
  97          void SerialPortSetup()
  98          {
  99   1          SM0=0; //串口工作方式:10位异步收发(8位数据位，一位开始位，一位停止位)
 100   1          SM1=1;
 101   1          REN=1;
 102   1          ES=1;  //允许串行口中断，串口数据的收发采用中断方式
 103   1      }
 104          
 105          
 106          /*---外部中断0设置---*/   
 107          void INT0Setup()
 108          {
 109   1          IT0=1; //下降沿触发
 110   1          EX0=1; //允许外部中断0中断
 111   1      }
 112          
 113          
 114          /*---定时器0和定时器1设置---*/
 115            //定时器1定时3s（需要定时器中断45次），定时器0定时250毫秒（需要定时器中断4次)
C51 COMPILER V7.02a   MAIN                                                                 01/15/2015 15:58:45 PAGE 3   

 116          void Tf0AndTf1Setup()
 117          {
 118   1         TMOD=0x11;//定时器0和定时器1都使用工作模式1：16位计数，最大计数次数65536
 119   1         TH0=0;    //定时器0初始计数值设为0
 120   1         TL0=0;
 121   1         TH1=0;    //定时器1初始计数值设为1
 122   1         TL1=0;
 123   1         ET0=1;    //允许定时器0、定时器1中断
 124   1         ET1=1; 
 125   1      }
 126          
 127          
 128          /*---中断优先级设置---*/
 129            //串口中断、外部中断优先级别设为1，定时器0、定时器1中断优先级别设置为0
 130          void IpSetup()
 131          {
 132   1          PS=1;
 133   1          PX0=1;
 134   1          PT0=0;
 135   1          PT1=0;
 136   1      } 
 137          /*--------------------------------------------------------------------------------------------------------
             -----------------------*/
 138          
 139          
 140          
 141          
 142          
 143          /*---------------------------------------------------中断处理函数-----------------------------------------
             ------------------------*/
 144          /*---定时器1中断处理函数---*/
 145            //在该函数中控制射频模块的Led灯的闪烁，约3s闪烁一次
 146            //定时器中断45次的时间约为3s
 147          Tf1_interrupt() interrupt 3
 148          {
 149   1         WDTFunction();//喂狗
 150   1         tf1_num=tf1_num+1;  //定时器每中断一次后加1
 151   1         if(tf1_num>45)
 152   1         {
 153   2            TR1=0;          //先停止定时器1工作
 154   2            SetLedOn();     //点亮Led灯
 155   2            Delay(1000,10); //延时一段时间
 156   2            SetLedOff();    //关闭Led灯
 157   2            TR1=1;          //重新启动定时器1
 158   2            tf1_num=0;      //tf1_num清零，开始下一轮计数
 159   2         }
 160   1         TH1=0;   //定时器中断后，重新设定下一次计时的初值?
 161   1         TL1=0;
 162   1      }
 163          
 164          
 165          /*---定时器0中断处理函数---*/
 166            //在main函数中调用SearchCard()和SearchCardData()函数后启动定时器0，延时约300ms，等待接收完射频模块发过来
             -的数据。
 167            //定时器中断4次的时间约为300ms
 168          Tf0_interrupt() interrupt 1
 169          {
 170   1          WDTFunction();//喂狗
 171   1          tf0_num=tf0_num+1;  //定时器每中断一次后加1
 172   1          if(tf0_num>=4)
 173   1          {
 174   2             TR0=0;           //关闭定时器0（定时器0在main函数调用SearchCard()和SearchCardData()函数后启动）
C51 COMPILER V7.02a   MAIN                                                                 01/15/2015 15:58:45 PAGE 4   

 175   2             tf0_flag=TRUE;   //标记设为TRUE告诉main函数数据接收完毕，否则main函数会在while( tf0_flag==FALSE)语句中
             -不断循环
 176   2             tf0_num=0;       //清零
 177   2          }
 178   1      }    
 179            
 180            
 181          /*---外部中断0中断处理函数---*/
 182            //当有卡靠近射频模块时，SIG引脚出现低电平，触发单片机的外部中断0发生中断
 183          Int0_interrupt() interrupt 0
 184          {
 185   1          EA=0;          //为避免干扰，先关闭总中断
 186   1          find_card=TRUE;//标记有卡靠近射频模块
 187   1          EA=1;          //重新开中断
 188   1      }
 189          
 190          
 191          /*---串口中断处理函数---*/
 192            //在该函数中完成串口数据的接收（串口数据接收采用中断方式）
 193            //根据YHY502C_v2.5_CN.pfd文档中的射频模块发送数据的格式，若当前单片机收到的字节为0xaa,紧接着收到的字节只
             -有两种情况：0xbb(表示0xaa和0xbb是帧命令头),0x00(表示0xaa是数据，不是帧命令头)
 194          SerialPort_interrupt() interrupt 4
 195          {
 196   1          unsigned char recv_byte;  //该变量用于暂时保存串口接收的一个字节数据?
 197   1          unsigned char check_sum;  //一帧数据接收完毕后，该变量用于异或校验
 198   1          int i;
 199   1          EA=0;     //为防止干扰，先关闭总中断  
 200   1          if(RI==1) //判断是否是串口收到数据而引发串口中断，是的话在这里完成数据的接收工作
 201   1          {
 202   2             recv_byte=SBUF;//拷贝串口接收缓存中的数据
 203   2             RI=0;          //清零，用于下一次判断
 204   2             if(recv_aa==TRUE)   //判断上一次接收的数据是否是0xaa
 205   2             {
 206   3                if(recv_byte==0xbb)  //上次接收的0xaa是帧命令头
 207   3                {
 208   4                    recv_aa=FALSE;   //标记FALSE,下一次判断时用于指示前一次接收的不是0xaa?
 209   4                    recv_num=0;      //缓存recv_buf不保存命令头0xaa0xbb,recv_num值设为0相当清除掉之前保存的0xaa0xbb
 210   4                }
 211   3                else if(recv_byte==0x00) //上次接收的0xaa是数据（0x00是为了区别帧命令头0xaa0xbb而添加进去，不是我们
             -需要的数据)
 212   3                {  
 213   4                    recv_aa=FALSE;   //标记FALSE,下一次判断时用于指示前一次接收的不是0xaa
 214   4                }
 215   3                else                 //其他意外情况，正常情况下只会是0xbb和0x00
 216   3                {
 217   4                    recv_aa=FALSE;   //标记FALSE,下一次判断时用于指示前一次接收的不是0xaa
 218   4                }
 219   3             }
 220   2             else   //上一次接收的数据不是0xaa
 221   2             {
 222   3                if(recv_byte==0xaa)  //判断当前接收的数据是否是0xaa，若是则进行标记
 223   3                {
 224   4                   recv_aa=TRUE;
 225   4                }
 226   3                recv_buf[recv_num]=recv_byte;//将接收到的数据保存到缓存recv_buf
 227   3                recv_num=recv_num+1;         //每接收保存一个字节数据，recv_num增1
 228   3                if(recv_num>recv_buf[0])     //recv_buf保存的是数据帧的长度字，当recv_num大于长度字时，相当于当前接收
             -的数据是帧的最后一个字节数据，即一帧数据接收完毕?
 229   3                {
 230   4                    check_sum=0;
 231   4                    for(i=0;i<recv_buf[0]+1;i++) //对一帧数据进行异或校验
 232   4                    {
C51 COMPILER V7.02a   MAIN                                                                 01/15/2015 15:58:45 PAGE 5   

 233   5                       check_sum=check_sum^recv_buf[i];
 234   5                    }
 235   4                    if(check_sum==0)            //帧的最后一个字节为检验码，上面将校验码一起进行异或运算，若接收的数据?
             -挥写砦螅莄heck_sum得值一定是0
 236   4                    {
 237   5                       if(EppromHandle()==FALSE)
 238   5                       {
 239   6                          recv_command_success_flag=SUCCESS; //标记成功接收一帧数据，供main函数做判断使用。
 240   6                       }
 241   5                    }
 242   4                    recv_num=0;
 243   4                    recv_aa=FALSE;
 244   4                }
 245   3                if(recv_num>=max_num)   //判断接收的数据字节数是否大于缓存recv_buf，防止内存溢出?
 246   3                {
 247   4                   recv_num=0;
 248   4                   recv_aa=FALSE;
 249   4                }
 250   3             }  
 251   2             
 252   2             
 253   2          }
 254   1          if(TI==1) //表示串口发送数据引发串口中断,在本系统中不使用中断方式发送数据，使用查询方式发送数据
 255   1          {
 256   2             TI=0;
 257   2          }
 258   1          EA=1; //重新开中断    
 259   1      }
 260          /*--------------------------------------------------------------------------------------------------------
             --------------------------------*/
 261          
 262          
 263          
 264          
 265          /*--------------------------------------------------向射频模块发送指令------------------------------------
             ---------------------------------*/
 266          /*---射频模块发送打开LED灯指令---*/
 267            //射频模块的OUT1引脚与Led正极相连
 268          void SetLedOn()
 269          {
 270   1         unsigned char command_set_out1_0[6]={0xaa,0xbb,0x03,0x16,0x00,0x15}; //指令，控制射频模块的OUT1引脚输出
             -高电平?
 271   1         int i;
 272   1         ES=0;  //使用查询方式发送串口数据时，要关闭串口中断，否则发送不正确
 273   1         for(i=0;i<6;i++) //查询方式发送数据
 274   1         {
 275   2             TI=0;
 276   2             SBUF=command_set_out1_0[i];
 277   2             while(TI==0);
 278   2         }
 279   1         TI=0;
 280   1         ES=1;
 281   1      }
 282          
 283          
 284          /*---向射频模块发送关闭LED灯指令---*/
 285          void SetLedOff()
 286          {
 287   1         unsigned char command_set_out1_1[6]={0xaa,0xbb,0x03,0x16,0x01,0x14}; //指令，控制射频模块的OUT1引脚输出
             -低电平
 288   1         int i;
 289   1         ES=0;                                                                //使用查询方式发送串口数据时，要关?
C51 COMPILER V7.02a   MAIN                                                                 01/15/2015 15:58:45 PAGE 6   

             -沾谥卸希裨蚍⑺筒徽?
 290   1         for(i=0;i<6;i++)                                                     //查询方式发送数据
 291   1         {
 292   2             TI=0;
 293   2             SBUF=command_set_out1_1[i];
 294   2             while(TI==0);
 295   2         }
 296   1         TI=0;
 297   1         ES=1;
 298   1      }
 299          
 300          
 301          /*---向射频模块的发送寻卡指令---*/
 302          void SearchCard()
 303          {
 304   1         int i;
 305   1         unsigned char command_search_card[5]={0xaa,0xbb,0x02,0x20,0x22};//寻卡指令
 306   1         recv_command_success_flag=FAIL;                                 //发送指令之前先设置FAIL,当串口中断处理?
             -姓方邮找恢∈莺笤偕柚梦猄UCCESS,供main函数做判断使用
 307   1         ClearBuf();                                                     //通过串口向射频模块发送指令后会与数据返
             -回，在这里提前对缓存recv_buf清零
 308   1         ES=0;                                                           //使用查询方式发送串口数据时，要关闭串口
             -中断，否则发送不正确
 309   1         for(i=0;i<5;i++)                                                //查询方式发送串口数据
 310   1         {
 311   2             TI=0;
 312   2             SBUF=command_search_card[i];
 313   2             while(TI==0);
 314   2         }
 315   1         TI=0;
 316   1         ES=1;                                                          //发送完后重新开启串口中断
 317   1      }
 318          
 319          
 320          /*---向射频模块发送读卡片EEPROM数据---*/
 321            //读卡片EEPROM中的第10,14,18,22块中的数据，块中保存的数据 xx xx xx xx xx xx xx  10 25 52 xx xx xx xx x
             -x (xx可为任意数据， 10 25 52才是用来做判断)
 322            //1号门对应第10块，2号门对应第14块，3号门对应第18块，4号门对应第22块
 323          void SearchCardData()
 324          {
 325   1         int i;
 326   1         //unsigned char command_search_card_data[13]={0xaa, 0xbb, 0x0a, 0x21, 0x00, 0x0a, 0xff, 0xff, 0xcc, 0xff
             -, 0x10, 0x26, 0x24};  //1号门
 327   1         //unsigned char command_search_card_data[13]={0xaa, 0xbb, 0x0a, 0x21, 0x00, 0x0e, 0xff, 0xff, 0xdd, 0xf
             -f, 0x10, 0x26, 0x31};  //2号门
 328   1           unsigned char command_search_card_data[13]={0xaa, 0xbb, 0x0a, 0x21, 0x00, 0x12, 0xff, 0xff, 0xee, 0xff
             -, 0x10, 0x26, 0x1e};  //3号门
 329   1         //unsigned char command_search_card_data[13]={0xaa, 0xbb, 0x0a, 0x21, 0x00, 0x0a, 0xff, 0xff, 0xff, 0xff
             -, 0x10, 0x26, 0x17};  //4号门
 330   1         
 331   1         recv_command_success_flag=FAIL;           //发送指令之前先设置FAIL,当串口中断处理函数中正确接收一帧数据?
             -笤偕柚梦猄UCCESS,供main函数做判断使用
 332   1         ClearBuf();                               //通过串口向射频模块发送指令后会与数据返回，在这里提前对缓存re
             -cv_buf清零
 333   1         ES=0;                                     //使用查询方式发送串口数据时，要关闭串口中断，否则发送不正确
 334   1         for(i=0;i<13;i++)                         //查询方式发送串口数据
 335   1         {
 336   2             TI=0;
 337   2             SBUF=command_search_card_data[i];
 338   2             while(TI==0);
 339   2         }
 340   1         TI=0;
C51 COMPILER V7.02a   MAIN                                                                 01/15/2015 15:58:45 PAGE 7   

 341   1         ES=1;                                    //发送完后重新开启串口中断
 342   1      }
 343          /*--------------------------------------------------------------------------------------------------------
             ---------------------------*/
 344          
 345          
 346          
 347          
 348          /*----------------------------------------------------对射频模块发回来的数据进行校验----------------------
             -----------------------------*/
 349          /*---检验射频模块发回来的卡序列号在当前系统中是否存在---*/
 350          error MatchCardSN()
 351          {
 352   1         int i;
 353   1         unsigned char cardsn[4];
 354   1         unsigned char Haddr;
 355   1         unsigned char Laddr;
 356   1         if(index>=user_number)  //如果用户所以号大于系统用户数，说明该用户不是系统的用户，直接退出
 357   1         {
 358   2             return FAIL;
 359   2         }
 360   1         
 361   1         //从EEPROM中读卡序列号?
 362   1         for(i=0;i<4;i++)
 363   1         {
 364   2            Haddr=0x20+(index*4+i)/256;
 365   2            Laddr=0x00+(index*4+i)%256;
 366   2            cardsn[i]=ReadEEPROM(Haddr,Laddr);
 367   2         }
 368   1         //匹配卡序列号
 369   1         if((recv_buf[2]==cardsn[0]) && (recv_buf[3]==cardsn[1]) && (recv_buf[4]==cardsn[2]) && (recv_buf[5]==car
             -dsn[3]))
 370   1         {
 371   2             return SUCCESS;
 372   2         }
 373   1         else
 374   1         {
 375   2             return FAIL;
 376   2         }  
 377   1      }
 378          
 379          /*---校验卡片中的数据是否正确---*/
 380            //若正确读到EEPROM中的数据，recv_buf[0:18]保存的数据是： 长度字 命令字 xx xx xx xx xx xx xx  10 25 52 
             -xx xx xx xx xx
 381          error MatchCardData()
 382          {
 383   1         if((recv_buf[9]==0x)&&(recv_buf[10]==0x10)&&(recv_buf[11]==0x25)&&(recv_buf[12]==0x52)) //校验卡片中的
             -数据是否正确，正确返回SUCCESS,错误返回FAIL
 384   1         {
 385   2            index=recv_buf[2]*256+recv_buf[3];
 386   2            if(index>=user_number)
 387   2            {
 388   3                return FAIL;
 389   3            }
 390   2            else
 391   2            {
 392   3               return SUCCESS;
 393   3            }
 394   2         }
 395   1         else
 396   1         {
 397   2            return FAIL;
C51 COMPILER V7.02a   MAIN                                                                 01/15/2015 15:58:45 PAGE 8   

 398   2         }
 399   1      }
 400          /*--------------------------------------------------------------------------------------------------------
             ------------------------*/
 401          
 402          
 403          
 404          
 405          /*-----------------------------------------射频卡片的序列号和EEPROM数据校验通过后的处理函数---------------
             ---------------------------*/
 406          /*---蜂鸣器响---*/
 407            //低电平驱动
 408          void BuzzerRang()
 409          {
 410   1         Speaker=0;
 411   1         Delay(1000,10);
 412   1         Speaker=1;
 413   1         
 414   1      }
 415          
 416          
 417          /*--控制继电器开门---*/
 418          //低电平驱动
 419          void OpenDoor()
 420          {
 421   1         Relay=0;
 422   1       //Speaker=0;
 423   1         Led=0;
 424   1         Delay(8000,10);
 425   1         Relay=1;
 426   1      //Speaker=1;
 427   1         Led=1;
 428   1      }
 429          
 430          
 431          /*---打开Led灯---*/
 432          void OpenLed()
 433          {
 434   1         Led=0;
 435   1         Delay(1000,10);
 436   1         Led=1;
 437   1      }
 438          /*--------------------------------------------------------------------------------------------------------
             ------------------------*/
 439          
 440           
 441             
 442             
 443          /*-------------------------------------------------------EEPROM操作---------------------------------------
             ------------------------*/
 444          /*----读EEPROM----*/
 445          unsigned char ReadEEPROM(unsigned char Haddr,unsigned char Laddr)
 446          {
 447   1          char i=0;
 448   1          unsigned char da;
 449   1          ISP_ADDRH=Haddr; //送地址
 450   1          ISP_ADDRL=Laddr; 
 451   1          EA=0;            //关中断
 452   1          ISP_CONTR=0x81;  //设置等待时间,允许ISP/IAP操作
 453   1          ISP_CMD=0x01;    //送读字节命令
 454   1          ISP_TRIG=0x46;   //触发命令
 455   1          ISP_TRIG=0xb9;
C51 COMPILER V7.02a   MAIN                                                                 01/15/2015 15:58:45 PAGE 9   

 456   1          i=0;             //延时
 457   1          i=0;
 458   1          da=ISP_DATA;     //取数据
 459   1          
 460   1          ISP_CONTR=0x00; //出于安全考虑，防止ISP/IAP误操作
 461   1          ISP_CMD=0x00;
 462   1          ISP_TRIG=0x00;
 463   1          ISP_ADDRH=0x00;
 464   1          ISP_ADDRL=0x00;
 465   1          
 466   1          EA=1;            //重新开中断
 467   1          return da;       //返回数据
 468   1      }
 469          
 470          
 471          /*---编程EEPROM---*/
 472          void ProgramEEPROM(unsigned char Haddr,unsigned char Laddr,unsigned char da)
 473          {
 474   1         ISP_DATA=da;    //送数据
 475   1         ISP_ADDRH=Haddr;//送地址
 476   1         ISP_ADDRL=Laddr;
 477   1         EA=0;           //关中断
 478   1         ISP_CONTR=0x81; //设置等待时间,允许ISP/IAP操作
 479   1         ISP_CMD=0x02;   //送编程命令
 480   1         ISP_TRIG=0x46;   //触发命令
 481   1         ISP_TRIG=0xb9;
 482   1         
 483   1         ISP_CONTR=0x00;  //出于安全考虑，防止ISP/IAP误操作
 484   1         ISP_CMD=0x00;
 485   1         ISP_TRIG=0x00;
 486   1         ISP_ADDRH=0x00;
 487   1         ISP_ADDRL=0x00;
 488   1         
 489   1         EA=1;            //重新开中断
 490   1          
 491   1      }
 492          
 493          
 494          /*---擦除EEPROM---*/
 495          void EraseEEPROM(unsigned char Haddr,unsigned char Laddr)
 496          {
 497   1         
 498   1         ISP_ADDRH=Haddr; //送地址
 499   1         ISP_ADDRL=Laddr;
 500   1       //EA=0;            //关中断
 501   1         ISP_CONTR=0x81;  //设置等待时间,允许ISP/IAP操作
 502   1         ISP_CMD=0x03;    //送编程命令
 503   1         ISP_TRIG=0x46;   //触发命令
 504   1         ISP_TRIG=0xb9;
 505   1         
 506   1         ISP_CONTR=0x00; //出于安全考虑，防止ISP/IAP误操作
 507   1         ISP_CMD=0x00;
 508   1         ISP_TRIG=0x00;
 509   1         ISP_ADDRH=0x00;
 510   1         ISP_ADDRL=0x00;
 511   1       //EA=1;           //重新开中断
 512   1         
 513   1      }
 514          
 515          /*---从EPPROM中读一个卡的序列号,并通过串口送回PC---*/
 516          void ReadCardSnFromEppromToPC()
 517          {
C51 COMPILER V7.02a   MAIN                                                                 01/15/2015 15:58:45 PAGE 10  

 518   1         int i;
 519   1         unsigned char cmd[9]={0xaa,0xbb,0x06,0x50,0x00,0x00,0x00,0x00,0x00};
 520   1         unsigned char Haddr;
 521   1         unsigned char Laddr;
 522   1         unsigned char checksum=0x00;
 523   1         unsigned short idx;
 524   1         
 525   1         idx=recv_buf[2]*256+recv_buf[3];//获取卡的索引
 526   1         for(i=0;i<4;i++)                //从EEPROM中读卡序列号,构造回送指令
 527   1         {
 528   2            Haddr=0x20+(idx*4+i)/256;
 529   2            Laddr=0x00+(idx*4+i)%256;
 530   2            cmd[i+4]=ReadEEPROM(Haddr,Laddr);
 531   2         }
 532   1         for(i=0;i<6;i++)
 533   1         {
 534   2            checksum=checksum^cmd[i+2];
 535   2         }
 536   1         cmd[8]=checksum;
 537   1         
 538   1         //通过串口回送给PC
 539   1         ES=0;            //使用查询方式发送串口数据时，要关闭串口中断，否则发送不正确
 540   1         for(i=0;i<9;i++) //查询方式发送串口数据
 541   1         {
 542   2             TI=0;
 543   2             SBUF=cmd[i];
 544   2             while(TI==0);
 545   2         }
 546   1         TI=0;
 547   1         ES=1;           //发送完后重新开启串口中断 
 548   1      }
 549          
 550          /*---往EEPROM中写一个卡的序列号---*/
 551          void WriteCardSnToEeprom()
 552          {
 553   1         unsigned char cmd[5]={0xaa,0xbb,0x02,0x52,0x50}; //回送指令
 554   1         unsigned char Haddr;
 555   1         unsigned char Laddr;
 556   1         int i;
 557   1         unsigned short idx;
 558   1         
 559   1         idx=recv_buf[6]*256+recv_buf[7];//构造卡的索引
 560   1         for(i=0;i<4;i++)                //往EEPROM中添加一个卡的序列号
 561   1         {
 562   2            Haddr=0x20+(idx*4+i)/256;
 563   2            Laddr=0x00+(idx*4+i)%256;
 564   2            ProgramEEPROM(Haddr,Laddr,recv_buf[i+2]);
 565   2         }
 566   1         //向PC回送指令
 567   1         ES=0;            //使用查询方式发送串口数据时，要关闭串口中断，否则发送不正确
 568   1         for(i=0;i<5;i++) //查询方式发送数据
 569   1         {
 570   2            TI=0;
 571   2            SBUF=cmd[i];
 572   2            while(TI==0);
 573   2         }
 574   1         TI=0;
 575   1         ES=1;           //发送完后重新开启串口中断 
 576   1      }
 577             
 578             
 579          /*---擦除EERPROM的一个扇区---*/
C51 COMPILER V7.02a   MAIN                                                                 01/15/2015 15:58:45 PAGE 11  

 580          void EraseSectorOfEpprom()
 581          {
 582   1         unsigned char cmd[5]={0xaa,0xbb,0x02,0x54,0x56};//回送给PC的指令
 583   1         int i;
 584   1         unsigned char SectorOfNumber=recv_buf[2];       //获取要擦除的扇区号
 585   1         if(SectorOfNumber>=1&&SectorOfNumber<=4)
 586   1         {
 587   2            //擦除扇区
 588   2            switch(SectorOfNumber)
 589   2            {
 590   3               case 1:
 591   3                    EraseEEPROM(0x20,0x00);             //擦除第一个扇区
 592   3                    break;
 593   3               case 2:
 594   3                    EraseEEPROM(0x22,0x00);             //擦除第二个扇区
 595   3                    break;
 596   3               case 3:
 597   3                    EraseEEPROM(0x24,0x00);             //擦除第三个扇区
 598   3                    break;
 599   3               case 4:
 600   3                    EraseEEPROM(0x26,0x00);             //擦除第四个扇区
 601   3                    break;
 602   3            }
 603   2            
 604   2            //向pc回送指令
 605   2            ES=0;            //使用查询方式发送串口数据时，要关闭串口中断，否则发送不正确
 606   2            for(i=0;i<5;i++) //查询方式发送数据
 607   2            {
 608   3               TI=0;
 609   3               SBUF=cmd[i];
 610   3               while(TI==0);
 611   3            }
 612   2            TI=0;
 613   2            ES=1;
 614   2        }
 615   1      }
 616          
 617          
 618          /*---向EEPROM中写一个字节数据---*/
 619          void WriteOneByteToEpprom()
 620          {
 621   1         unsigned char i;
 622   1         unsigned char cmd[5]={0xaa,0xbb,0x02,0x5a,0x58}; //回送指令
 623   1         unsigned char Haddr;
 624   1         unsigned char Laddr;
 625   1         unsigned char da;
 626   1         Haddr=recv_buf[2];
 627   1         Laddr=recv_buf[3];
 628   1         da=recv_buf[4];
 629   1         ProgramEEPROM(Haddr,Laddr,da);
 630   1         //向PC发送回送指令
 631   1         ES=0;             //使用查询方式发送串口数据时，要关闭串口中断，否则发送不正确
 632   1         for(i=0;i<5;i++)  //查询方式发送数据
 633   1         {
 634   2             TI=0;
 635   2             SBUF=cmd[i];
 636   2             while(TI==0);
 637   2         }
 638   1         TI=0;
 639   1         ES=1;
 640   1      }
 641          
C51 COMPILER V7.02a   MAIN                                                                 01/15/2015 15:58:45 PAGE 12  

 642          
 643          /*从EEPROM中读一个字节数据---*/
 644          void ReadOneByteFromEpprom()
 645          {
 646   1          unsigned char i;
 647   1          unsigned char cmd[6]={0xaa ,0xbb,0x03,0x58,0x00,0x00};
 648   1          unsigned char checksum=0x00;
 649   1          unsigned char Haddr;
 650   1          unsigned char Laddr;
 651   1          unsigned char da;
 652   1          Haddr=recv_buf[2];
 653   1          Laddr=recv_buf[3];
 654   1          da=ReadEEPROM(Haddr,Laddr);
 655   1          cmd[4]=da;
 656   1          
 657   1          for(i=0;i<3;i++)
 658   1          {
 659   2             checksum=checksum^cmd[i+2];
 660   2          }
 661   1          cmd[5]=checksum;
 662   1          //回送指令
 663   1          ES=0;            //使用查询方式发送串口数据时，要关闭串口中断，否则发送不正确
 664   1          for(i=0;i<6;i++) //查询方式发送数据
 665   1          {
 666   2             TI=0;
 667   2             SBUF=cmd[i];
 668   2             while(TI==0);
 669   2          }
 670   1          TI=0;
 671   1          ES=1;
 672   1      }
 673          
 674          
 675          /*---针对EEPROM的操作请求处理函数---*/
 676          bool EppromHandle()
 677          {
 678   1         unsigned char CmdWord=recv_buf[1]; //获取指令的命令字
 679   1         if(CmdWord==0x50)                  //读卡EEPROM中的一个卡序列号
 680   1         {
 681   2            ReadCardSnFromEppromToPC();
 682   2            return TRUE;
 683   2         }
 684   1         else if(CmdWord==0x52)             //向EEPROM中写一个卡的序列号
 685   1         {
 686   2            WriteCardSnToEeprom();         
 687   2            return TRUE;
 688   2         }
 689   1         else if(CmdWord==0x54)            //擦除EEPROM的一个扇区
 690   1         {
 691   2           EraseSectorOfEpprom();
 692   2           return TRUE;
 693   2         }
 694   1         else if(CmdWord==0x58)            //读EEPROM中的一个字节
 695   1         {
 696   2           ReadOneByteFromEpprom();
 697   2           return TRUE;
 698   2         }
 699   1         else if(CmdWord==0x5a)
 700   1         {
 701   2            WriteOneByteToEpprom();        //向EEPROM中读一个字节
 702   2            return TRUE;
 703   2         }
C51 COMPILER V7.02a   MAIN                                                                 01/15/2015 15:58:45 PAGE 13  

 704   1         else
 705   1         {
 706   2            return FALSE;
 707   2         }
 708   1      }
 709          /*--------------------------------------------------------------------------------------------------------
             ------------------------*/
 710          
 711          
 712          
 713          
 714             
 715          /*-------------------------------------------------------------其他---------------------------------------
             ------------------------*/
 716          /*---对缓存recv_buf清零---*/
 717            //清除掉上次接收的数据
 718          void ClearBuf()
 719          {
 720   1          int i;
 721   1          for(i=0;i<max_num;i++)
 722   1          {
 723   2              recv_buf[i]=0x0;
 724   2          }
 725   1      }
 726          
 727          /*---延时函数---*/
 728          void Delay(int m,int n)
 729          {
 730   1         int i,j;
 731   1         for(i=0;i<m;i++)
 732   1         {
 733   2            WDTFunction();//喂狗
 734   2            for(j=0;j<n;j++){}
 735   2         }
 736   1      }  
 737          
 738          /*---看门狗函数---*/
 739          void WDTFunction()
 740          {
 741   1         WDT=0x3e;
 742   1      }
 743          /*--------------------------------------------------------------------------------------------------------
             -----------------------*/
 744          


MODULE INFORMATION:   STATIC OVERLAYABLE
   CODE SIZE        =   1739    ----
   CONSTANT SIZE    =     60    ----
   XDATA SIZE       =   ----    ----
   PDATA SIZE       =   ----    ----
   DATA SIZE        =     34      82
   IDATA SIZE       =   ----    ----
   BIT SIZE         =   ----    ----
END OF MODULE INFORMATION.


C51 COMPILATION COMPLETE.  0 WARNING(S),  0 ERROR(S)
